Archive member included because of file (symbol)

/opt/CodeSourcery/Sourcery_G++_Lite/bin/../lib/gcc/arm-none-eabi/4.4.1/thumb2/libgcc.a(_arm_addsubdf3.o)
                              ./src/sv_utils/sound_visualizer.o (__aeabi_dadd)
/opt/CodeSourcery/Sourcery_G++_Lite/bin/../lib/gcc/arm-none-eabi/4.4.1/thumb2/libgcc.a(_arm_muldivdf3.o)
                              ./src/sv_utils/sound_visualizer.o (__aeabi_ddiv)
/opt/CodeSourcery/Sourcery_G++_Lite/bin/../lib/gcc/arm-none-eabi/4.4.1/thumb2/libgcc.a(_arm_fixdfsi.o)
                              ./src/sv_utils/sound_visualizer.o (__aeabi_d2iz)
/opt/CodeSourcery/Sourcery_G++_Lite/bin/../lib/gcc/arm-none-eabi/4.4.1/thumb2/libgcc.a(_arm_fixunsdfsi.o)
                              ./src/sv_utils/sound_visualizer.o (__aeabi_d2uiz)
/opt/CodeSourcery/Sourcery_G++_Lite/arm-none-eabi/lib/thumb2/libc.a(lib_a-strcmp.o)
                              ./src/cmdline.o (strcmp)

Allocating common symbols
Common symbol       size              file

BufTwo              0x960             ./src/sv_utils/sound_visualizer.o
BufOne              0x960             ./src/sv_utils/sound_visualizer.o

Discarded input sections

 .text          0x00000000        0x0 /opt/CodeSourcery/Sourcery_G++_Lite/bin/../lib/gcc/arm-none-eabi/4.4.1/thumb2/crti.o
 .data          0x00000000        0x0 /opt/CodeSourcery/Sourcery_G++_Lite/bin/../lib/gcc/arm-none-eabi/4.4.1/thumb2/crti.o
 .bss           0x00000000        0x0 /opt/CodeSourcery/Sourcery_G++_Lite/bin/../lib/gcc/arm-none-eabi/4.4.1/thumb2/crti.o
 .init          0x00000000        0x4 /opt/CodeSourcery/Sourcery_G++_Lite/bin/../lib/gcc/arm-none-eabi/4.4.1/thumb2/crti.o
 .fini          0x00000000        0x4 /opt/CodeSourcery/Sourcery_G++_Lite/bin/../lib/gcc/arm-none-eabi/4.4.1/thumb2/crti.o
 .text          0x00000000       0x30 /opt/CodeSourcery/Sourcery_G++_Lite/bin/../lib/gcc/arm-none-eabi/4.4.1/thumb2/crtbegin.o
 .data          0x00000000        0x4 /opt/CodeSourcery/Sourcery_G++_Lite/bin/../lib/gcc/arm-none-eabi/4.4.1/thumb2/crtbegin.o
 .bss           0x00000000        0x1 /opt/CodeSourcery/Sourcery_G++_Lite/bin/../lib/gcc/arm-none-eabi/4.4.1/thumb2/crtbegin.o
 .init_array    0x00000000        0x4 /opt/CodeSourcery/Sourcery_G++_Lite/bin/../lib/gcc/arm-none-eabi/4.4.1/thumb2/crtbegin.o
 .fini_array    0x00000000        0x4 /opt/CodeSourcery/Sourcery_G++_Lite/bin/../lib/gcc/arm-none-eabi/4.4.1/thumb2/crtbegin.o
 .jcr           0x00000000        0x0 /opt/CodeSourcery/Sourcery_G++_Lite/bin/../lib/gcc/arm-none-eabi/4.4.1/thumb2/crtbegin.o
 .text          0x00000000        0x0 ./src/sv_utils/sound_visualizer.o
 .data          0x00000000        0x0 ./src/sv_utils/sound_visualizer.o
 .bss           0x00000000        0x0 ./src/sv_utils/sound_visualizer.o
 .text.get_new_average
                0x00000000       0xcc ./src/sv_utils/sound_visualizer.o
 .text.reset_avg_history
                0x00000000       0x30 ./src/sv_utils/sound_visualizer.o
 .text.RITAddRow
                0x00000000      0x110 ./src/sv_utils/sound_visualizer.o
 .text.UARTSend
                0x00000000       0xac ./src/sv_utils/sound_visualizer.o
 .text.ReadSampleToBuf
                0x00000000       0xa0 ./src/sv_utils/sound_visualizer.o
 .text.InitializeInterrupts
                0x00000000       0x24 ./src/sv_utils/sound_visualizer.o
 .text.svInitializeUart
                0x00000000       0x44 ./src/sv_utils/sound_visualizer.o
 .text.InitializeDisplay
                0x00000000       0x24 ./src/sv_utils/sound_visualizer.o
 .text.simulate
                0x00000000     0x1050 ./src/sv_utils/sound_visualizer.o
 .rodata.C.10.2708
                0x00000000       0x20 ./src/sv_utils/sound_visualizer.o
 .bss.index.2706
                0x00000000        0x4 ./src/sv_utils/sound_visualizer.o
 .rodata.C.11.2709
                0x00000000       0x20 ./src/sv_utils/sound_visualizer.o
 .data.singleColumn
                0x00000000        0x8 ./src/sv_utils/sound_visualizer.o
 .bss.singleLineClear
                0x00000000       0x40 ./src/sv_utils/sound_visualizer.o
 .text          0x00000000        0x0 ./src/adc.o
 .data          0x00000000        0x0 ./src/adc.o
 .bss           0x00000000        0x0 ./src/adc.o
 .text.ADCIntDisable
                0x00000000       0x10 ./src/adc.o
 .text.ADCIntStatus
                0x00000000       0x38 ./src/adc.o
 .text.ADCSequenceOverflow
                0x00000000       0x10 ./src/adc.o
 .text.ADCSequenceOverflowClear
                0x00000000        0xc ./src/adc.o
 .text.ADCSequenceUnderflow
                0x00000000       0x10 ./src/adc.o
 .text.ADCSequenceUnderflowClear
                0x00000000        0xc ./src/adc.o
 .text.ADCProcessorTrigger
                0x00000000       0x1c ./src/adc.o
 .text.ADCSoftwareOversampleConfigure
                0x00000000       0x20 ./src/adc.o
 .text.ADCSoftwareOversampleStepConfigure
                0x00000000      0x180 ./src/adc.o
 .text.ADCSoftwareOversampleDataGet
[...]
Memory Configuration

Name             Origin             Length             Attributes
FLASH            0x00000000         0x00040000         xr
SRAM             0x20000000         0x00010000         xrw
*default*        0x00000000         0xffffffff

Linker script and memory map

LOAD /opt/CodeSourcery/Sourcery_G++_Lite/bin/../lib/gcc/arm-none-eabi/4.4.1/thumb2/crti.o
LOAD /opt/CodeSourcery/Sourcery_G++_Lite/bin/../lib/gcc/arm-none-eabi/4.4.1/thumb2/crtbegin.o
LOAD ./src/sv_utils/sound_visualizer.o
LOAD ./src/adc.o
LOAD ./src/can.o
LOAD ./src/cmdline.o
LOAD ./src/comp.o
LOAD ./src/cpu.o
LOAD ./src/cpu_usage.o
LOAD ./src/crc.o
LOAD ./src/eeprom.o
LOAD ./src/epi.o
LOAD ./src/ethernet.o
LOAD ./src/fan.o
LOAD ./src/flash.o
LOAD ./src/flash_pb.o
LOAD ./src/fpu.o
LOAD ./src/gpio.o
LOAD ./src/hibernate.o
LOAD ./src/i2c.o
LOAD ./src/i2s.o
LOAD ./src/interrupt.o
LOAD ./src/isqrt.o
LOAD ./src/lpc.o
LOAD ./src/main.o
LOAD ./src/mpu.o
LOAD ./src/peci.o
LOAD ./src/pwm.o
LOAD ./src/qei.o
LOAD ./src/ringbuf.o
LOAD ./src/rit128x96x4.o
LOAD ./src/scheduler.o
LOAD ./src/sine.o
LOAD ./src/softi2c.o
LOAD ./src/softssi.o
LOAD ./src/softuart.o
LOAD ./src/ssi.o
LOAD ./src/startup_gcc.o
LOAD ./src/sysctl.o
LOAD ./src/sysexc.o
LOAD ./src/systick.o
LOAD ./src/timer.o
LOAD ./src/uart.o
LOAD ./src/uartstdio.o
LOAD ./src/udma.o
LOAD ./src/usb.o
LOAD ./src/ustdlib.o
LOAD ./src/watchdog.o
START GROUP
LOAD /opt/CodeSourcery/Sourcery_G++_Lite/bin/../lib/gcc/arm-none-eabi/4.4.1/thumb2/libgcc.a
LOAD /opt/CodeSourcery/Sourcery_G++_Lite/arm-none-eabi/lib/thumb2/libc.a
END GROUP
LOAD /opt/CodeSourcery/Sourcery_G++_Lite/bin/../lib/gcc/arm-none-eabi/4.4.1/thumb2/crtend.o
LOAD /opt/CodeSourcery/Sourcery_G++_Lite/bin/../lib/gcc/arm-none-eabi/4.4.1/thumb2/crtn.o

.text           0x00000000     0x3d98
                0x00000000                _text = .
 *(.isr_vector)
 .isr_vector    0x00000000       0xf0 ./src/startup_gcc.o
                0x00000000                g_pfnVectors
 *(.text*)
 .text.GetAvgOfBuf
                0x000000f0       0xa4 ./src/sv_utils/sound_visualizer.o
                0x000000f0                GetAvgOfBuf
 .text.RITClearRow
                0x00000194      0x10c ./src/sv_utils/sound_visualizer.o
                0x00000194                RITClearRow
 .text.ADCIntHandler
                0x000002a0       0x20 ./src/sv_utils/sound_visualizer.o
                0x000002a0                ADCIntHandler
 .text.InitializeTimers
                0x000002c0       0x8c ./src/sv_utils/sound_visualizer.o
                0x000002c0                InitializeTimers
 .text.InitializeADC
                0x0000034c       0x4c ./src/sv_utils/sound_visualizer.o
                0x0000034c                InitializeADC
 .text.UARTIntHandler
                0x00000398       0x4c ./src/sv_utils/sound_visualizer.o
                0x00000398                UARTIntHandler
 .text.Timer1IntHandler
                0x000003e4       0x20 ./src/sv_utils/sound_visualizer.o
                0x000003e4                Timer1IntHandler
 .text.Display  0x00000404      0x2ec ./src/sv_utils/sound_visualizer.o
                0x00000404                Display
 .text.Initialize
                0x000006f0       0x94 ./src/sv_utils/sound_visualizer.o
                0x000006f0                Initialize
 .text.GetSystemState
                0x00000784       0xec ./src/sv_utils/sound_visualizer.o
                0x00000784                GetSystemState
 .text.ADCIntEnable
                0x00000870       0x10 ./src/adc.o
                0x00000870                ADCIntEnable
 .text.ADCIntClear
                0x00000880        0xc ./src/adc.o
                0x00000880                ADCIntClear
 .text.ADCSequenceEnable
                0x0000088c        0xc ./src/adc.o
                0x0000088c                ADCSequenceEnable
 .text.ADCSequenceDisable
                0x00000898       0x10 ./src/adc.o
                0x00000898                ADCSequenceDisable
 .text.ADCSequenceConfigure
                0x000008a8       0x38 ./src/adc.o
                0x000008a8                ADCSequenceConfigure
 .text.ADCSequenceStepConfigure
                0x000008e0       0x80 ./src/adc.o
                0x000008e0                ADCSequenceStepConfigure
 .text.ADCSequenceDataGet
                0x00000960       0xa0 ./src/adc.o
                0x00000960                ADCSequenceDataGet
 .text.CPUcpsie
                0x00000a00        0x8 ./src/cpu.o
                0x00000a00                CPUcpsie
 .text.GPIOPadConfigSet
                0x00000a08       0xf8 ./src/gpio.o
                0x00000a08                GPIOPadConfigSet
 .text.GPIOPinWrite
                0x00000b00        0x8 ./src/gpio.o
                0x00000b00                GPIOPinWrite
 .text.GPIOPinTypeSSI
                0x00000b08       0x84 ./src/gpio.o
                0x00000b08                GPIOPinTypeSSI
 .text.GPIOPinTypeUART
                0x00000b8c       0x84 ./src/gpio.o
                0x00000b8c                GPIOPinTypeUART
 .text.GPIOPinTypeGPIOOutput
                0x00000c10       0x84 ./src/gpio.o
                0x00000c10                GPIOPinTypeGPIOOutput
 .text.IntEnable
                0x00000c94       0x78 ./src/interrupt.o
                0x00000c94                IntEnable
 .text.IntMasterEnable
                0x00000d0c        0xc ./src/interrupt.o
                0x00000d0c                IntMasterEnable
 .text.main     0x00000d18       0x54 ./src/main.o
                0x00000d18                main
 .text.RIT128x96x4Enable
                0x00000d6c       0x70 ./src/rit128x96x4.o
                0x00000d6c                RIT128x96x4Enable
 .text.RIT128x96x4ImageDraw
                0x00000ddc      0x330 ./src/rit128x96x4.o
                0x00000ddc                RIT128x96x4ImageDraw
 .text.RIT128x96x4StringDraw
                0x0000110c      0x460 ./src/rit128x96x4.o
                0x0000110c                RIT128x96x4StringDraw
 .text.RIT128x96x4Clear
                0x0000156c      0x2ac ./src/rit128x96x4.o
                0x0000156c                RIT128x96x4Clear
 .text.RIT128x96x4Init
                0x00001818      0x1cc ./src/rit128x96x4.o
                0x00001818                RIT128x96x4Init
 .text.SSIConfigSetExpClk
                0x000019e4       0x50 ./src/ssi.o
                0x000019e4                SSIConfigSetExpClk
 .text.SSIEnable
                0x00001a34        0xc ./src/ssi.o
                0x00001a34                SSIEnable
 .text.SSIDisable
                0x00001a40        0xc ./src/ssi.o
                0x00001a40                SSIDisable
 .text.SSIDataPut
                0x00001a4c       0x10 ./src/ssi.o
                0x00001a4c                SSIDataPut
 .text.SSIBusy  0x00001a5c        0x8 ./src/ssi.o
                0x00001a5c                SSIBusy
 .text.NmiSR    0x00001a64        0x4 ./src/startup_gcc.o
 .text.FaultISR
                0x00001a68        0x4 ./src/startup_gcc.o
 .text.IntDefaultHandler
                0x00001a6c        0x4 ./src/startup_gcc.o
 .text.ResetISR
                0x00001a70       0xa8 ./src/startup_gcc.o
                0x00001a70                ResetISR
 .text.SysCtlPeripheralEnable
                0x00001b18       0x5c ./src/sysctl.o
                0x00001b18                SysCtlPeripheralEnable
 .text.SysCtlDelay
                0x00001b74        0x8 ./src/sysctl.o
                0x00001b74                SysCtlDelay
 .text.SysCtlClockSet
                0x00001b7c      0x20c ./src/sysctl.o
                0x00001b7c                SysCtlClockSet
 .text.SysCtlClockGet
                0x00001d88      0x2c0 ./src/sysctl.o
                0x00001d88                SysCtlClockGet
 .text.TimerEnable
                0x00002048       0x18 ./src/timer.o
                0x00002048                TimerEnable
 .text.TimerConfigure
                0x00002060       0x2c ./src/timer.o
                0x00002060                TimerConfigure
 .text.TimerControlTrigger
                0x0000208c       0x28 ./src/timer.o
                0x0000208c                TimerControlTrigger
 .text.TimerLoadSet
                0x000020b4       0x14 ./src/timer.o
                0x000020b4                TimerLoadSet
 .text.TimerIntEnable
                0x000020c8        0x8 ./src/timer.o
                0x000020c8                TimerIntEnable
 .text.TimerIntClear
                0x000020d0        0x4 ./src/timer.o
                0x000020d0                TimerIntClear
 .text.UARTConfigSetExpClk
                0x000020d4       0x6c ./src/uart.o
                0x000020d4                UARTConfigSetExpClk
 .text.UARTCharsAvail
                0x00002140        0xc ./src/uart.o
                0x00002140                UARTCharsAvail
 .text.UARTCharGetNonBlocking
                0x0000214c       0x10 ./src/uart.o
                0x0000214c                UARTCharGetNonBlocking
 .text.UARTCharPutNonBlocking
                0x0000215c       0x14 ./src/uart.o
                0x0000215c                UARTCharPutNonBlocking
 .text.UARTIntStatus
                0x00002170        0xc ./src/uart.o
                0x00002170                UARTIntStatus
 .text.UARTIntClear
                0x0000217c        0x4 ./src/uart.o
                0x0000217c                UARTIntClear
 .text.uvsnprintf
                0x00002180     0x10d4 ./src/ustdlib.o
                0x00002180                uvsnprintf
 .text.usprintf
                0x00003254       0x24 ./src/ustdlib.o
                0x00003254                usprintf
 .text          0x00003278      0x370 /opt/CodeSourcery/Sourcery_G++_Lite/bin/../lib/gcc/arm-none-eabi/4.4.1/thumb2/libgcc.a(_arm_addsubdf3.o)
                0x00003278                __aeabi_drsub
                0x00003280                __aeabi_dsub
                0x00003280                __subdf3
                0x00003284                __adddf3
                0x00003284                __aeabi_dadd
                0x000034fc                __aeabi_ui2d
                0x000034fc                __floatunsidf
                0x0000351c                __floatsidf
                0x0000351c                __aeabi_i2d
                0x00003540                __extendsfdf2
                0x00003540                __aeabi_f2d
                0x0000357c                __aeabi_ul2d
                0x0000357c                __floatundidf
                0x0000358c                __floatdidf
                0x0000358c                __aeabi_l2d
 .text          0x000035e8      0x424 /opt/CodeSourcery/Sourcery_G++_Lite/bin/../lib/gcc/arm-none-eabi/4.4.1/thumb2/libgcc.a(_arm_muldivdf3.o)
                0x000035e8                __aeabi_dmul
                0x000035e8                __muldf3
                0x0000383c                __aeabi_ddiv
                0x0000383c                __divdf3
 .text          0x00003a0c       0x50 /opt/CodeSourcery/Sourcery_G++_Lite/bin/../lib/gcc/arm-none-eabi/4.4.1/thumb2/libgcc.a(_arm_fixdfsi.o)
                0x00003a0c                __fixdfsi
                0x00003a0c                __aeabi_d2iz
 .text          0x00003a5c       0x40 /opt/CodeSourcery/Sourcery_G++_Lite/bin/../lib/gcc/arm-none-eabi/4.4.1/thumb2/libgcc.a(_arm_fixunsdfsi.o)
                0x00003a5c                __fixunsdfsi
                0x00003a5c                __aeabi_d2uiz
 *(.rodata*)
 .rodata.str1.4
                0x00003a9c       0x21 ./src/sv_utils/sound_visualizer.o
                                 0x24 (size before relaxing)
 *fill*         0x00003abd        0x3 00
 .rodata.g_pulEnRegs
                0x00003ac0       0x14 ./src/interrupt.o
 .rodata.g_pucFont
                0x00003ad4      0x1e0 ./src/rit128x96x4.o
 .rodata.g_pucRIT128x96x4Init
                0x00003cb4       0x50 ./src/rit128x96x4.o
 .rodata.g_pulXtals
                0x00003d04       0x6c ./src/sysctl.o
 .rodata.g_pulRCGCRegs
                0x00003d70        0xc ./src/sysctl.o
 .rodata.str1.4
                0x00003d7c       0x1c ./src/ustdlib.o
                0x00003d98                _etext = .

.glue_7         0x00003d98        0x0
 .glue_7        0x00000000        0x0 linker stubs

.glue_7t        0x00003d98        0x0
 .glue_7t       0x00000000        0x0 linker stubs

.vfp11_veneer   0x00003d98        0x0
 .vfp11_veneer  0x00000000        0x0 linker stubs

.v4_bx          0x00003d98        0x0
 .v4_bx         0x00000000        0x0 linker stubs

.data           0x20000000       0x44 load address 0x00003d98
                0x20000000                _data = .
 *(vtable)
 *(.data*)
 .data.CurrentWriteBuf
                0x20000000        0x4 ./src/sv_utils/sound_visualizer.o
                0x20000000                CurrentWriteBuf
 .data.singleLine
                0x20000004       0x40 ./src/sv_utils/sound_visualizer.o
                0x20000004                singleLine
                0x20000044                _edata = .

.bss            0x20000048     0x144c load address 0x00003de0
                0x20000048                _bss = .
 *(.bss*)
 .bss.previous_level_list
                0x20000048       0x20 ./src/sv_utils/sound_visualizer.o
                0x20000048                previous_level_list
 .bss.current_bar_count
                0x20000068        0x4 ./src/sv_utils/sound_visualizer.o
                0x20000068                current_bar_count
 .bss.BufTwoReadyToRead
                0x2000006c        0x1 ./src/sv_utils/sound_visualizer.o
                0x2000006c                BufTwoReadyToRead
 .bss.BufOneReadyToRead
                0x2000006d        0x1 ./src/sv_utils/sound_visualizer.o
                0x2000006d                BufOneReadyToRead
 *fill*         0x2000006e        0x2 00
 .bss.BufWriteIndex
                0x20000070        0x4 ./src/sv_utils/sound_visualizer.o
                0x20000070                BufWriteIndex
 .bss.singleColumnClear
                0x20000074        0x8 ./src/sv_utils/sound_visualizer.o
                0x20000074                singleColumnClear
 .bss.OneSecDelayFlag
                0x2000007c        0x4 ./src/sv_utils/sound_visualizer.o
                0x2000007c                OneSecDelayFlag
 .bss.ADCSampleReady
                0x20000080        0x1 ./src/sv_utils/sound_visualizer.o
                0x20000080                ADCSampleReady
 *fill*         0x20000081        0x7 00
 .bss.avg_history_list
                0x20000088       0x40 ./src/sv_utils/sound_visualizer.o
                0x20000088                avg_history_list
 .bss.g_pucBuffer
                0x200000c8        0x8 ./src/rit128x96x4.o
 .bss.g_ulSSIFlags
                0x200000d0        0x4 ./src/rit128x96x4.o
 .bss.pulStack  0x200000d4      0x100 ./src/startup_gcc.o
 *(COMMON)
 COMMON         0x200001d4     0x12c0 ./src/sv_utils/sound_visualizer.o
                0x200001d4                BufTwo
                0x20000b34                BufOne
                0x20001494                _ebss = .
OUTPUT(Sound-Visualizer.elf elf32-littlearm)

.ARM.attributes
                0x00000000       0x25
 .ARM.attributes
                0x00000000       0x19 /opt/CodeSourcery/Sourcery_G++_Lite/bin/../lib/gcc/arm-none-eabi/4.4.1/thumb2/crti.o
 .ARM.attributes
                0x00000019       0x29 /opt/CodeSourcery/Sourcery_G++_Lite/bin/../lib/gcc/arm-none-eabi/4.4.1/thumb2/crtbegin.o
 .ARM.attributes
                0x00000042       0x31 ./src/sv_utils/sound_visualizer.o
 .ARM.attributes
                0x00000073       0x31 ./src/adc.o
 .ARM.attributes
                0x000000a4       0x31 ./src/can.o
 .ARM.attributes
                0x000000d5       0x31 ./src/cmdline.o
 .ARM.attributes
                0x00000106       0x31 ./src/comp.o
 .ARM.attributes
                0x00000137       0x31 ./src/cpu.o
 .ARM.attributes
                0x00000168       0x31 ./src/cpu_usage.o
 .ARM.attributes
                0x00000199       0x31 ./src/crc.o
 .ARM.attributes
                0x000001ca       0x31 ./src/eeprom.o
 .ARM.attributes
                0x000001fb       0x31 ./src/epi.o
 .ARM.attributes
                0x0000022c       0x31 ./src/ethernet.o
 .ARM.attributes
                0x0000025d       0x31 ./src/fan.o
 .ARM.attributes
                0x0000028e       0x31 ./src/flash.o
 .ARM.attributes
                0x000002bf       0x31 ./src/flash_pb.o
 .ARM.attributes
                0x000002f0       0x31 ./src/fpu.o
 .ARM.attributes
                0x00000321       0x31 ./src/gpio.o
 .ARM.attributes
                0x00000352       0x31 ./src/hibernate.o
 .ARM.attributes
                0x00000383       0x31 ./src/i2c.o
 .ARM.attributes
                0x000003b4       0x31 ./src/i2s.o
 .ARM.attributes
                0x000003e5       0x31 ./src/interrupt.o
 .ARM.attributes
                0x00000416       0x31 ./src/isqrt.o
 .ARM.attributes
                0x00000447       0x31 ./src/lpc.o
 .ARM.attributes
                0x00000478       0x31 ./src/main.o
 .ARM.attributes
                0x000004a9       0x31 ./src/mpu.o
 .ARM.attributes
                0x000004da       0x31 ./src/peci.o
 .ARM.attributes
                0x0000050b       0x31 ./src/pwm.o
 .ARM.attributes
                0x0000053c       0x31 ./src/qei.o
 .ARM.attributes
                0x0000056d       0x31 ./src/ringbuf.o
 .ARM.attributes
                0x0000059e       0x31 ./src/rit128x96x4.o
 .ARM.attributes
                0x000005cf       0x31 ./src/scheduler.o
 .ARM.attributes
                0x00000600       0x31 ./src/sine.o
 .ARM.attributes
                0x00000631       0x31 ./src/softi2c.o
 .ARM.attributes
                0x00000662       0x31 ./src/softssi.o
 .ARM.attributes
                0x00000693       0x31 ./src/softuart.o
 .ARM.attributes
                0x000006c4       0x31 ./src/ssi.o
 .ARM.attributes
                0x000006f5       0x31 ./src/startup_gcc.o
 .ARM.attributes
                0x00000726       0x31 ./src/sysctl.o
 .ARM.attributes
                0x00000757       0x31 ./src/sysexc.o
 .ARM.attributes
                0x00000788       0x31 ./src/systick.o
 .ARM.attributes
                0x000007b9       0x31 ./src/timer.o
 .ARM.attributes
                0x000007ea       0x31 ./src/uart.o
 .ARM.attributes
                0x0000081b       0x31 ./src/uartstdio.o
 .ARM.attributes
                0x0000084c       0x31 ./src/udma.o
 .ARM.attributes
                0x0000087d       0x31 ./src/usb.o
 .ARM.attributes
                0x000008ae       0x31 ./src/ustdlib.o
 .ARM.attributes
                0x000008df       0x31 ./src/watchdog.o
 .ARM.attributes
                0x00000910       0x1b /opt/CodeSourcery/Sourcery_G++_Lite/bin/../lib/gcc/arm-none-eabi/4.4.1/thumb2/libgcc.a(_arm_addsubdf3.o)
 .ARM.attributes
                0x0000092b       0x1b /opt/CodeSourcery/Sourcery_G++_Lite/bin/../lib/gcc/arm-none-eabi/4.4.1/thumb2/libgcc.a(_arm_muldivdf3.o)
 .ARM.attributes
                0x00000946       0x1b /opt/CodeSourcery/Sourcery_G++_Lite/bin/../lib/gcc/arm-none-eabi/4.4.1/thumb2/libgcc.a(_arm_fixdfsi.o)
 .ARM.attributes
                0x00000961       0x1b /opt/CodeSourcery/Sourcery_G++_Lite/bin/../lib/gcc/arm-none-eabi/4.4.1/thumb2/libgcc.a(_arm_fixunsdfsi.o)
 .ARM.attributes
                0x0000097c       0x29 /opt/CodeSourcery/Sourcery_G++_Lite/arm-none-eabi/lib/thumb2/libc.a(lib_a-strcmp.o)
 .ARM.attributes
                0x000009a5       0x29 /opt/CodeSourcery/Sourcery_G++_Lite/bin/../lib/gcc/arm-none-eabi/4.4.1/thumb2/crtend.o
 .ARM.attributes
                0x000009ce       0x19 /opt/CodeSourcery/Sourcery_G++_Lite/bin/../lib/gcc/arm-none-eabi/4.4.1/thumb2/crtn.o

.comment        0x00000000      0x7ba
 .comment       0x00000000       0x2b ./src/sv_utils/sound_visualizer.o
 .comment       0x0000002b       0x2b ./src/adc.o
 .comment       0x00000056       0x2b ./src/can.o
 .comment       0x00000081       0x2b ./src/cmdline.o
 .comment       0x000000ac       0x2b ./src/comp.o
 .comment       0x000000d7       0x2b ./src/cpu.o
 .comment       0x00000102       0x2b ./src/cpu_usage.o
 .comment       0x0000012d       0x2b ./src/crc.o
 .comment       0x00000158       0x2b ./src/eeprom.o
 .comment       0x00000183       0x2b ./src/epi.o
 .comment       0x000001ae       0x2b ./src/ethernet.o
 .comment       0x000001d9       0x2b ./src/fan.o
 .comment       0x00000204       0x2b ./src/flash.o
 .comment       0x0000022f       0x2b ./src/flash_pb.o
 .comment       0x0000025a       0x2b ./src/fpu.o
 .comment       0x00000285       0x2b ./src/gpio.o
 .comment       0x000002b0       0x2b ./src/hibernate.o
 .comment       0x000002db       0x2b ./src/i2c.o
 .comment       0x00000306       0x2b ./src/i2s.o
 .comment       0x00000331       0x2b ./src/interrupt.o
 .comment       0x0000035c       0x2b ./src/isqrt.o
 .comment       0x00000387       0x2b ./src/lpc.o
 .comment       0x000003b2       0x2b ./src/main.o
 .comment       0x000003dd       0x2b ./src/mpu.o
 .comment       0x00000408       0x2b ./src/peci.o
 .comment       0x00000433       0x2b ./src/pwm.o
 .comment       0x0000045e       0x2b ./src/qei.o
 .comment       0x00000489       0x2b ./src/ringbuf.o
 .comment       0x000004b4       0x2b ./src/rit128x96x4.o
 .comment       0x000004df       0x2b ./src/scheduler.o
 .comment       0x0000050a       0x2b ./src/sine.o
 .comment       0x00000535       0x2b ./src/softi2c.o
 .comment       0x00000560       0x2b ./src/softssi.o
 .comment       0x0000058b       0x2b ./src/softuart.o
 .comment       0x000005b6       0x2b ./src/ssi.o
 .comment       0x000005e1       0x2b ./src/startup_gcc.o
 .comment       0x0000060c       0x2b ./src/sysctl.o
 .comment       0x00000637       0x2b ./src/sysexc.o
 .comment       0x00000662       0x2b ./src/systick.o
 .comment       0x0000068d       0x2b ./src/timer.o
 .comment       0x000006b8       0x2b ./src/uart.o
 .comment       0x000006e3       0x2b ./src/uartstdio.o
 .comment       0x0000070e       0x2b ./src/udma.o
 .comment       0x00000739       0x2b ./src/usb.o
 .comment       0x00000764       0x2b ./src/ustdlib.o
 .comment       0x0000078f       0x2b ./src/watchdog.o

.debug_abbrev   0x00000000     0x3f13
 .debug_abbrev  0x00000000      0x2e7 ./src/sv_utils/sound_visualizer.o
 .debug_abbrev  0x000002e7      0x17a ./src/adc.o
 .debug_abbrev  0x00000461      0x206 ./src/can.o
 .debug_abbrev  0x00000667       0xfd ./src/cmdline.o
 .debug_abbrev  0x00000764      0x10a ./src/comp.o
 .debug_abbrev  0x0000086e       0xac ./src/cpu.o
 .debug_abbrev  0x0000091a       0xaf ./src/cpu_usage.o
 .debug_abbrev  0x000009c9      0x159 ./src/crc.o
 .debug_abbrev  0x00000b22      0x1ec ./src/eeprom.o
 .debug_abbrev  0x00000d0e      0x126 ./src/epi.o
 .debug_abbrev  0x00000e34      0x24c ./src/ethernet.o
 .debug_abbrev  0x00001080      0x100 ./src/fan.o
 .debug_abbrev  0x00001180      0x1a5 ./src/flash.o
 .debug_abbrev  0x00001325      0x11e ./src/flash_pb.o
 .debug_abbrev  0x00001443       0x82 ./src/fpu.o
 .debug_abbrev  0x000014c5      0x1dd ./src/gpio.o
 .debug_abbrev  0x000016a2      0x177 ./src/hibernate.o
 .debug_abbrev  0x00001819      0x1f8 ./src/i2c.o
 .debug_abbrev  0x00001a11      0x100 ./src/i2s.o
 .debug_abbrev  0x00001b11      0x177 ./src/interrupt.o
 .debug_abbrev  0x00001c88       0x67 ./src/isqrt.o
 .debug_abbrev  0x00001cef      0x139 ./src/lpc.o
 .debug_abbrev  0x00001e28       0x68 ./src/main.o
 .debug_abbrev  0x00001e90       0xcf ./src/mpu.o
 .debug_abbrev  0x00001f5f      0x17f ./src/peci.o
 .debug_abbrev  0x000020de      0x15c ./src/pwm.o
 .debug_abbrev  0x0000223a      0x102 ./src/qei.o
 .debug_abbrev  0x0000233c      0x256 ./src/ringbuf.o
 .debug_abbrev  0x00002592      0x141 ./src/rit128x96x4.o
 .debug_abbrev  0x000026d3      0x184 ./src/scheduler.o
 .debug_abbrev  0x00002857       0x7c ./src/sine.o
 .debug_abbrev  0x000028d3       0xe5 ./src/softi2c.o
 .debug_abbrev  0x000029b8      0x197 ./src/softssi.o
 .debug_abbrev  0x00002b4f      0x20f ./src/softuart.o
 .debug_abbrev  0x00002d5e      0x17a ./src/ssi.o
 .debug_abbrev  0x00002ed8       0xbd ./src/startup_gcc.o
 .debug_abbrev  0x00002f95      0x1a8 ./src/sysctl.o
 .debug_abbrev  0x0000313d       0xba ./src/sysexc.o
 .debug_abbrev  0x000031f7       0x9c ./src/systick.o
 .debug_abbrev  0x00003293      0x1f0 ./src/timer.o
 .debug_abbrev  0x00003483      0x1fa ./src/uart.o
 .debug_abbrev  0x0000367d      0x1e8 ./src/uartstdio.o
 .debug_abbrev  0x00003865      0x181 ./src/udma.o
 .debug_abbrev  0x000039e6      0x196 ./src/usb.o
 .debug_abbrev  0x00003b7c      0x2a4 ./src/ustdlib.o
 .debug_abbrev  0x00003e20       0xf3 ./src/watchdog.o

.debug_info     0x00000000    0x120b4
 .debug_info    0x00000000      0xbca ./src/sv_utils/sound_visualizer.o
 .debug_info    0x00000bca      0x907 ./src/adc.o
 .debug_info    0x000014d1     0x1fd1 ./src/can.o
 .debug_info    0x000034a2      0x197 ./src/cmdline.o
 .debug_info    0x00003639      0x26c ./src/comp.o
 .debug_info    0x000038a5      0x11a ./src/cpu.o
 .debug_info    0x000039bf      0x12d ./src/cpu_usage.o
 .debug_info    0x00003aec      0x28d ./src/crc.o
 .debug_info    0x00003d79      0x4b9 ./src/eeprom.o
 .debug_info    0x00004232      0x66c ./src/epi.o
 .debug_info    0x0000489e      0x87d ./src/ethernet.o
 .debug_info    0x0000511b      0x3f8 ./src/fan.o
 .debug_info    0x00005513      0x3ef ./src/flash.o
 .debug_info    0x00005902      0x1dd ./src/flash_pb.o
 .debug_info    0x00005adf      0x12d ./src/fpu.o
 .debug_info    0x00005c0c     0x11f6 ./src/gpio.o
 .debug_info    0x00006e02      0x63b ./src/hibernate.o
 .debug_info    0x0000743d      0x92d ./src/i2c.o
 .debug_info    0x00007d6a      0x557 ./src/i2s.o
 .debug_info    0x000082c1      0x3e9 ./src/interrupt.o
 .debug_info    0x000086aa       0x89 ./src/isqrt.o
 .debug_info    0x00008733      0xa87 ./src/lpc.o
 .debug_info    0x000091ba       0xc6 ./src/main.o
 .debug_info    0x00009280      0x1bc ./src/mpu.o
 .debug_info    0x0000943c      0x736 ./src/peci.o
 .debug_info    0x00009b72      0x9e7 ./src/pwm.o
 .debug_info    0x0000a559      0x3ae ./src/qei.o
 .debug_info    0x0000a907      0x724 ./src/ringbuf.o
 .debug_info    0x0000b02b      0x577 ./src/rit128x96x4.o
 .debug_info    0x0000b5a2      0x2bc ./src/scheduler.o
 .debug_info    0x0000b85e       0xa4 ./src/sine.o
 .debug_info    0x0000b902      0x3ee ./src/softi2c.o
 .debug_info    0x0000bcf0      0x7f7 ./src/softssi.o
 .debug_info    0x0000c4e7      0xaa6 ./src/softuart.o
 .debug_info    0x0000cf8d      0x52f ./src/ssi.o
 .debug_info    0x0000d4bc      0x11b ./src/startup_gcc.o
 .debug_info    0x0000d5d7      0x998 ./src/sysctl.o
 .debug_info    0x0000df6f      0x127 ./src/sysexc.o
 .debug_info    0x0000e096      0x121 ./src/systick.o
 .debug_info    0x0000e1b7      0x938 ./src/timer.o
 .debug_info    0x0000eaef      0xaf6 ./src/uart.o
 .debug_info    0x0000f5e5      0x4fb ./src/uartstdio.o
 .debug_info    0x0000fae0      0x5da ./src/udma.o
 .debug_info    0x000100ba     0x12f1 ./src/usb.o
 .debug_info    0x000113ab      0x9ad ./src/ustdlib.o
 .debug_info    0x00011d58      0x35c ./src/watchdog.o

.debug_line     0x00000000     0xa4b3
 .debug_line    0x00000000      0x7c9 ./src/sv_utils/sound_visualizer.o
 .debug_line    0x000007c9      0x449 ./src/adc.o
 .debug_line    0x00000c12      0xbeb ./src/can.o
 .debug_line    0x000017fd      0x1e6 ./src/cmdline.o
 .debug_line    0x000019e3      0x16a ./src/comp.o
 .debug_line    0x00001b4d       0xbb ./src/cpu.o
 .debug_line    0x00001c08      0x112 ./src/cpu_usage.o
 .debug_line    0x00001d1a      0x227 ./src/crc.o
 .debug_line    0x00001f41      0x426 ./src/eeprom.o
 .debug_line    0x00002367      0x394 ./src/epi.o
 .debug_line    0x000026fb      0x48c ./src/ethernet.o
 .debug_line    0x00002b87      0x1f6 ./src/fan.o
 .debug_line    0x00002d7d      0x32c ./src/flash.o
 .debug_line    0x000030a9      0x1ae ./src/flash_pb.o
 .debug_line    0x00003257      0x10e ./src/fpu.o
 .debug_line    0x00003365      0x7cc ./src/gpio.o
 .debug_line    0x00003b31      0x637 ./src/hibernate.o
 .debug_line    0x00004168      0x456 ./src/i2c.o
 .debug_line    0x000045be      0x303 ./src/i2s.o
 .debug_line    0x000048c1      0x22f ./src/interrupt.o
 .debug_line    0x00004af0       0xf7 ./src/isqrt.o
 .debug_line    0x00004be7      0x421 ./src/lpc.o
 .debug_line    0x00005008      0x2ef ./src/main.o
 .debug_line    0x000052f7      0x166 ./src/mpu.o
 .debug_line    0x0000545d      0x2d8 ./src/peci.o
 .debug_line    0x00005735      0x3dd ./src/pwm.o
 .debug_line    0x00005b12      0x205 ./src/qei.o
 .debug_line    0x00005d17      0x288 ./src/ringbuf.o
 .debug_line    0x00005f9f      0x48f ./src/rit128x96x4.o
 .debug_line    0x0000642e      0x185 ./src/scheduler.o
 .debug_line    0x000065b3       0x60 ./src/sine.o
 .debug_line    0x00006613      0x2ec ./src/softi2c.o
 .debug_line    0x000068ff      0x407 ./src/softssi.o
 .debug_line    0x00006d06      0x7f3 ./src/softuart.o
 .debug_line    0x000074f9      0x279 ./src/ssi.o
 .debug_line    0x00007772       0x87 ./src/startup_gcc.o
 .debug_line    0x000077f9      0x67a ./src/sysctl.o
 .debug_line    0x00007e73       0xfa ./src/sysexc.o
 .debug_line    0x00007f6d      0x144 ./src/systick.o
 .debug_line    0x000080b1      0x411 ./src/timer.o
 .debug_line    0x000084c2      0x4fc ./src/uart.o
 .debug_line    0x000089be      0x4e1 ./src/uartstdio.o
 .debug_line    0x00008e9f      0x328 ./src/udma.o
 .debug_line    0x000091c7      0x837 ./src/usb.o
 .debug_line    0x000099fe      0x888 ./src/ustdlib.o
 .debug_line    0x0000a286      0x22d ./src/watchdog.o

.debug_macinfo  0x00000000   0x23f737
 .debug_macinfo
                0x00000000    0x10f69 ./src/sv_utils/sound_visualizer.o
 .debug_macinfo
                0x00010f69    0x18203 ./src/adc.o
 .debug_macinfo
                0x0002916c     0xc87c ./src/can.o
 .debug_macinfo
                0x000359e8     0x389d ./src/cmdline.o
 .debug_macinfo
                0x00039285     0x411f ./src/comp.o
 .debug_macinfo
                0x0003d3a4      0xcb3 ./src/cpu.o
 .debug_macinfo
                0x0003e057     0xd8a4 ./src/cpu_usage.o
 .debug_macinfo
                0x0004b8fb      0xd4e ./src/crc.o
 .debug_macinfo
                0x0004c649    0x16db7 ./src/eeprom.o
 .debug_macinfo
                0x00063400     0x5d36 ./src/epi.o
 .debug_macinfo
                0x00069136     0x8540 ./src/ethernet.o
 .debug_macinfo
                0x00071676     0x5db1 ./src/fan.o
 .debug_macinfo
                0x00077427    0x12ca0 ./src/flash.o
 .debug_macinfo
                0x0008a0c7     0x67bf ./src/flash_pb.o
 .debug_macinfo
                0x00090886     0x904b ./src/fpu.o
 .debug_macinfo
                0x000998d1    0x12dcb ./src/gpio.o
 .debug_macinfo
                0x000ac69c    0x155ce ./src/hibernate.o
 .debug_macinfo
                0x000c1c6a    0x16a58 ./src/i2c.o
 .debug_macinfo
                0x000d86c2     0x392f ./src/i2s.o
 .debug_macinfo
                0x000dbff1     0x9857 ./src/interrupt.o
 .debug_macinfo
                0x000e5848      0xcb5 ./src/isqrt.o
 .debug_macinfo
                0x000e64fd    0x17c2d ./src/lpc.o
 .debug_macinfo
                0x000fe12a    0x10f41 ./src/main.o
 .debug_macinfo
                0x0010f06b     0x9e35 ./src/mpu.o
 .debug_macinfo
                0x00118ea0    0x1384f ./src/peci.o
 .debug_macinfo
                0x0012c6ef    0x1b6a0 ./src/pwm.o
 .debug_macinfo
                0x00147d8f     0x35ad ./src/qei.o
 .debug_macinfo
                0x0014b33c     0x18b5 ./src/ringbuf.o
 .debug_macinfo
                0x0014cbf1    0x15e17 ./src/rit128x96x4.o
 .debug_macinfo
                0x00162a08     0x5834 ./src/scheduler.o
 .debug_macinfo
                0x0016823c      0xce3 ./src/sine.o
 .debug_macinfo
                0x00168f1f     0x9b34 ./src/softi2c.o
 .debug_macinfo
                0x00172a53     0x97b9 ./src/softssi.o
 .debug_macinfo
                0x0017c20c    0x22a2a ./src/softuart.o
 .debug_macinfo
                0x0019ec36     0x6ce0 ./src/ssi.o
 .debug_macinfo
                0x001a5916      0xca2 ./src/startup_gcc.o
 .debug_macinfo
                0x001a65b8    0x1c2d4 ./src/sysctl.o
 .debug_macinfo
                0x001c288c     0x24a7 ./src/sysexc.o
 .debug_macinfo
                0x001c4d33     0x985b ./src/systick.o
 .debug_macinfo
                0x001ce58e     0x5776 ./src/timer.o
 .debug_macinfo
                0x001d3d04    0x176c2 ./src/uart.o
 .debug_macinfo
                0x001eb3c6     0xfbed ./src/uartstdio.o
 .debug_macinfo
                0x001fafb3    0x14714 ./src/udma.o
 .debug_macinfo
                0x0020f6c7    0x29473 ./src/usb.o
 .debug_macinfo
                0x00238b3a     0x39c6 ./src/ustdlib.o
 .debug_macinfo
                0x0023c500     0x3237 ./src/watchdog.o

.debug_loc      0x00000000     0xe74a
 .debug_loc     0x00000000      0x6b2 ./src/sv_utils/sound_visualizer.o
 .debug_loc     0x000006b2      0x667 ./src/adc.o
 .debug_loc     0x00000d19     0x395d ./src/can.o
 .debug_loc     0x00004676       0xb3 ./src/cmdline.o
 .debug_loc     0x00004729      0x14e ./src/comp.o
 .debug_loc     0x00004877       0x4c ./src/cpu.o
 .debug_loc     0x000048c3       0x95 ./src/cpu_usage.o
 .debug_loc     0x00004958      0x41e ./src/crc.o
 .debug_loc     0x00004d76      0x417 ./src/eeprom.o
 .debug_loc     0x0000518d      0x330 ./src/epi.o
 .debug_loc     0x000054bd      0x7b5 ./src/ethernet.o
 .debug_loc     0x00005c72      0x1d8 ./src/fan.o
 .debug_loc     0x00005e4a      0x350 ./src/flash.o
 .debug_loc     0x0000619a      0x2a3 ./src/flash_pb.o
 .debug_loc     0x0000643d      0x5c9 ./src/gpio.o
 .debug_loc     0x00006a06      0x29c ./src/hibernate.o
 .debug_loc     0x00006ca2      0x38f ./src/i2c.o
 .debug_loc     0x00007031      0x11d ./src/i2s.o
 .debug_loc     0x0000714e      0x344 ./src/interrupt.o
 .debug_loc     0x00007492      0x35c ./src/isqrt.o
 .debug_loc     0x000077ee      0x50b ./src/lpc.o
 .debug_loc     0x00007cf9       0x53 ./src/main.o
 .debug_loc     0x00007d4c      0x11f ./src/mpu.o
 .debug_loc     0x00007e6b      0x466 ./src/peci.o
 .debug_loc     0x000082d1      0x633 ./src/pwm.o
 .debug_loc     0x00008904       0xf4 ./src/qei.o
 .debug_loc     0x000089f8      0x500 ./src/ringbuf.o
 .debug_loc     0x00008ef8      0x35d ./src/rit128x96x4.o
 .debug_loc     0x00009255       0xdc ./src/scheduler.o
 .debug_loc     0x00009331       0x1e ./src/sine.o
 .debug_loc     0x0000934f      0x2dd ./src/softi2c.o
 .debug_loc     0x0000962c      0x3c9 ./src/softssi.o
 .debug_loc     0x000099f5      0x70c ./src/softuart.o
 .debug_loc     0x0000a101      0x273 ./src/ssi.o
 .debug_loc     0x0000a374       0x1f ./src/startup_gcc.o
 .debug_loc     0x0000a393      0x76d ./src/sysctl.o
 .debug_loc     0x0000ab00       0x7a ./src/sysexc.o
 .debug_loc     0x0000ab7a       0x50 ./src/systick.o
 .debug_loc     0x0000abca      0x6f1 ./src/timer.o
 .debug_loc     0x0000b2bb      0x470 ./src/uart.o
 .debug_loc     0x0000b72b      0xae0 ./src/uartstdio.o
 .debug_loc     0x0000c20b      0x3bd ./src/udma.o
 .debug_loc     0x0000c5c8      0xea6 ./src/usb.o
 .debug_loc     0x0000d46e     0x11fb ./src/ustdlib.o
 .debug_loc     0x0000e669       0xe1 ./src/watchdog.o

.debug_pubnames
                0x00000000     0x4c6c
 .debug_pubnames
                0x00000000      0x287 ./src/sv_utils/sound_visualizer.o
 .debug_pubnames
                0x00000287      0x33f ./src/adc.o
 .debug_pubnames
                0x000005c6      0x15c ./src/can.o
 .debug_pubnames
                0x00000722       0x25 ./src/cmdline.o
 .debug_pubnames
                0x00000747       0xec ./src/comp.o
 .debug_pubnames
                0x00000833       0x6a ./src/cpu.o
 .debug_pubnames
                0x0000089d       0x34 ./src/cpu_usage.o
 .debug_pubnames
                0x000008d1       0x49 ./src/crc.o
 .debug_pubnames
                0x0000091a      0x18e ./src/eeprom.o
 .debug_pubnames
                0x00000aa8      0x232 ./src/epi.o
 .debug_pubnames
                0x00000cda      0x240 ./src/ethernet.o
 .debug_pubnames
                0x00000f1a      0x15b ./src/fan.o
 .debug_pubnames
                0x00001075      0x13d ./src/flash.o
 .debug_pubnames
                0x000011b2       0x41 ./src/flash_pb.o
 .debug_pubnames
                0x000011f3       0xd5 ./src/fpu.o
 .debug_pubnames
                0x000012c8      0x3a5 ./src/gpio.o
 .debug_pubnames
                0x0000166d      0x33d ./src/hibernate.o
 .debug_pubnames
                0x000019aa      0x370 ./src/i2c.o
 .debug_pubnames
                0x00001d1a      0x217 ./src/i2s.o
 .debug_pubnames
                0x00001f31      0x135 ./src/interrupt.o
 .debug_pubnames
                0x00002066       0x1c ./src/isqrt.o
 .debug_pubnames
                0x00002082      0x337 ./src/lpc.o
 .debug_pubnames
                0x000023b9       0x1b ./src/main.o
 .debug_pubnames
                0x000023d4       0xb8 ./src/mpu.o
 .debug_pubnames
                0x0000248c      0x1db ./src/peci.o
 .debug_pubnames
                0x00002667      0x2d1 ./src/pwm.o
 .debug_pubnames
                0x00002938      0x14f ./src/qei.o
 .debug_pubnames
                0x00002a87      0x127 ./src/ringbuf.o
 .debug_pubnames
                0x00002bae       0xce ./src/rit128x96x4.o
 .debug_pubnames
                0x00002c7c       0xda ./src/scheduler.o
 .debug_pubnames
                0x00002d56       0x1b ./src/sine.o
 .debug_pubnames
                0x00002d71      0x13e ./src/softi2c.o
 .debug_pubnames
                0x00002eaf      0x1ed ./src/softssi.o
 .debug_pubnames
                0x0000309c      0x2bd ./src/softuart.o
 .debug_pubnames
                0x00003359      0x15f ./src/ssi.o
 .debug_pubnames
                0x000034b8       0x30 ./src/startup_gcc.o
 .debug_pubnames
                0x000034e8      0x4bf ./src/sysctl.o
 .debug_pubnames
                0x000039a7       0x90 ./src/sysexc.o
 .debug_pubnames
                0x00003a37       0xd0 ./src/systick.o
 .debug_pubnames
                0x00003b07      0x29b ./src/timer.o
 .debug_pubnames
                0x00003da2      0x3c4 ./src/uart.o
 .debug_pubnames
                0x00004166       0x73 ./src/uartstdio.o
 .debug_pubnames
                0x000041d9      0x289 ./src/udma.o
 .debug_pubnames
                0x00004462      0x595 ./src/usb.o
 .debug_pubnames
                0x000049f7       0xd5 ./src/ustdlib.o
 .debug_pubnames
                0x00004acc      0x1a0 ./src/watchdog.o

.debug_aranges  0x00000000     0x1f98
 .debug_aranges
                0x00000000       0xb0 ./src/sv_utils/sound_visualizer.o
 .debug_aranges
                0x000000b0      0x120 ./src/adc.o
 .debug_aranges
                0x000001d0       0xb0 ./src/can.o
 .debug_aranges
                0x00000280       0x20 ./src/cmdline.o
 .debug_aranges
                0x000002a0       0x60 ./src/comp.o
 .debug_aranges
                0x00000300       0x48 ./src/cpu.o
 .debug_aranges
                0x00000348       0x28 ./src/cpu_usage.o
 .debug_aranges
                0x00000370       0x38 ./src/crc.o
 .debug_aranges
                0x000003a8       0xb0 ./src/eeprom.o
 .debug_aranges
                0x00000458       0xd8 ./src/epi.o
 .debug_aranges
                0x00000530       0xd8 ./src/ethernet.o
 .debug_aranges
                0x00000608       0x98 ./src/fan.o
 .debug_aranges
                0x000006a0       0x98 ./src/flash.o
 .debug_aranges
                0x00000738       0x30 ./src/flash_pb.o
 .debug_aranges
                0x00000768       0x60 ./src/fpu.o
 .debug_aranges
                0x000007c8      0x168 ./src/gpio.o
 .debug_aranges
                0x00000930      0x128 ./src/hibernate.o
 .debug_aranges
                0x00000a58      0x150 ./src/i2c.o
 .debug_aranges
                0x00000ba8       0xe8 ./src/i2s.o
 .debug_aranges
                0x00000c90       0x98 ./src/interrupt.o
 .debug_aranges
                0x00000d28       0x20 ./src/isqrt.o
 .debug_aranges
                0x00000d48      0x150 ./src/lpc.o
 .debug_aranges
                0x00000e98       0x20 ./src/main.o
 .debug_aranges
                0x00000eb8       0x60 ./src/mpu.o
 .debug_aranges
                0x00000f18       0xc0 ./src/peci.o
 .debug_aranges
                0x00000fd8      0x120 ./src/pwm.o
 .debug_aranges
                0x000010f8       0xa0 ./src/qei.o
 .debug_aranges
                0x00001198       0x90 ./src/ringbuf.o
 .debug_aranges
                0x00001228       0x58 ./src/rit128x96x4.o
 .debug_aranges
                0x00001280       0x58 ./src/scheduler.o
 .debug_aranges
                0x000012d8       0x20 ./src/sine.o
 .debug_aranges
                0x000012f8       0x90 ./src/softi2c.o
 .debug_aranges
                0x00001388       0xc8 ./src/softssi.o
 .debug_aranges
                0x00001450      0x108 ./src/softuart.o
 .debug_aranges
                0x00001558       0xa8 ./src/ssi.o
 .debug_aranges
                0x00001600       0x38 ./src/startup_gcc.o
 .debug_aranges
                0x00001638      0x1a0 ./src/sysctl.o
 .debug_aranges
                0x000017d8       0x48 ./src/sysexc.o
 .debug_aranges
                0x00001820       0x60 ./src/systick.o
 .debug_aranges
                0x00001880      0x118 ./src/timer.o
 .debug_aranges
                0x00001998      0x188 ./src/uart.o
 .debug_aranges
                0x00001b20       0x48 ./src/uartstdio.o
 .debug_aranges
                0x00001b68       0xe8 ./src/udma.o
 .debug_aranges
                0x00001c50      0x210 ./src/usb.o
 .debug_aranges
                0x00001e60       0x90 ./src/ustdlib.o
 .debug_aranges
                0x00001ef0       0xa8 ./src/watchdog.o

.debug_ranges   0x00000000     0x5140
 .debug_ranges  0x00000000      0x2d0 ./src/sv_utils/sound_visualizer.o
 .debug_ranges  0x000002d0      0x118 ./src/adc.o
 .debug_ranges  0x000003e8     0x1e08 ./src/can.o
 .debug_ranges  0x000021f0       0x18 ./src/cmdline.o
 .debug_ranges  0x00002208       0x58 ./src/comp.o
 .debug_ranges  0x00002260       0x40 ./src/cpu.o
 .debug_ranges  0x000022a0       0x20 ./src/cpu_usage.o
 .debug_ranges  0x000022c0       0x30 ./src/crc.o
 .debug_ranges  0x000022f0      0x118 ./src/eeprom.o
 .debug_ranges  0x00002408       0xd0 ./src/epi.o
 .debug_ranges  0x000024d8      0x130 ./src/ethernet.o
 .debug_ranges  0x00002608       0x90 ./src/fan.o
 .debug_ranges  0x00002698       0x90 ./src/flash.o
 .debug_ranges  0x00002728       0x68 ./src/flash_pb.o
 .debug_ranges  0x00002790       0x58 ./src/fpu.o
 .debug_ranges  0x000027e8      0x210 ./src/gpio.o
 .debug_ranges  0x000029f8      0x418 ./src/hibernate.o
 .debug_ranges  0x00002e10      0x1e0 ./src/i2c.o
 .debug_ranges  0x00002ff0       0xe0 ./src/i2s.o
 .debug_ranges  0x000030d0       0x90 ./src/interrupt.o
 .debug_ranges  0x00003160       0x18 ./src/isqrt.o
 .debug_ranges  0x00003178      0x148 ./src/lpc.o
 .debug_ranges  0x000032c0       0x18 ./src/main.o
 .debug_ranges  0x000032d8       0x58 ./src/mpu.o
 .debug_ranges  0x00003330       0xb8 ./src/peci.o
 .debug_ranges  0x000033e8      0x158 ./src/pwm.o
 .debug_ranges  0x00003540       0x98 ./src/qei.o
 .debug_ranges  0x000035d8      0x200 ./src/ringbuf.o
 .debug_ranges  0x000037d8      0x2e0 ./src/rit128x96x4.o
 .debug_ranges  0x00003ab8       0x78 ./src/scheduler.o
 .debug_ranges  0x00003b30       0x18 ./src/sine.o
 .debug_ranges  0x00003b48       0x88 ./src/softi2c.o
 .debug_ranges  0x00003bd0      0x240 ./src/softssi.o
 .debug_ranges  0x00003e10      0x2f0 ./src/softuart.o
 .debug_ranges  0x00004100      0x120 ./src/ssi.o
 .debug_ranges  0x00004220       0x30 ./src/startup_gcc.o
 .debug_ranges  0x00004250      0x228 ./src/sysctl.o
 .debug_ranges  0x00004478       0x40 ./src/sysexc.o
 .debug_ranges  0x000044b8       0x58 ./src/systick.o
 .debug_ranges  0x00004510      0x260 ./src/timer.o
 .debug_ranges  0x00004770      0x218 ./src/uart.o
 .debug_ranges  0x00004988      0x1e0 ./src/uartstdio.o
 .debug_ranges  0x00004b68       0xe0 ./src/udma.o
 .debug_ranges  0x00004c48      0x288 ./src/usb.o
 .debug_ranges  0x00004ed0      0x1d0 ./src/ustdlib.o
 .debug_ranges  0x000050a0       0xa0 ./src/watchdog.o

.debug_str      0x00000000     0x55a4
 .debug_str     0x00000000      0x383 ./src/sv_utils/sound_visualizer.o
                                0x3dd (size before relaxing)
 .debug_str     0x00000383      0x37d ./src/adc.o
                                0x416 (size before relaxing)
 .debug_str     0x00000700      0x47d ./src/can.o
                                0x540 (size before relaxing)
 .debug_str     0x00000b7d       0x87 ./src/cmdline.o
                                0x14b (size before relaxing)
 .debug_str     0x00000c04       0x60 ./src/comp.o
                                0x158 (size before relaxing)
 .debug_str     0x00000c64       0x60 ./src/cpu.o
                                 0xad (size before relaxing)
 .debug_str     0x00000cc4       0xb9 ./src/cpu_usage.o
                                0x11c (size before relaxing)
 .debug_str     0x00000d7d       0x77 ./src/crc.o
                                0x10c (size before relaxing)
 .debug_str     0x00000df4      0x1ab ./src/eeprom.o
                                0x24c (size before relaxing)
 .debug_str     0x00000f9f      0x246 ./src/epi.o
                                0x306 (size before relaxing)
 .debug_str     0x000011e5      0x262 ./src/ethernet.o
                                0x31b (size before relaxing)
 .debug_str     0x00001447      0x123 ./src/fan.o
                                0x1bc (size before relaxing)
 .debug_str     0x0000156a      0x1b2 ./src/flash.o
                                0x26e (size before relaxing)
 .debug_str     0x0000171c       0xc6 ./src/flash_pb.o
                                0x138 (size before relaxing)
 .debug_str     0x000017e2       0xac ./src/fpu.o
                                0x10e (size before relaxing)
 .debug_str     0x0000188e      0x3c1 ./src/gpio.o
                                0x457 (size before relaxing)
 .debug_str     0x00001c4f      0x318 ./src/hibernate.o
                                0x3b9 (size before relaxing)
 .debug_str     0x00001f67      0x346 ./src/i2c.o
                                0x3f3 (size before relaxing)
 .debug_str     0x000022ad      0x1bb ./src/i2s.o
                                0x265 (size before relaxing)
 .debug_str     0x00002468      0x170 ./src/interrupt.o
                                0x232 (size before relaxing)
 .debug_str     0x000025d8       0x22 ./src/isqrt.o
                                 0x7d (size before relaxing)
 .debug_str     0x000025fa      0x2f9 ./src/lpc.o
                                0x400 (size before relaxing)
 .debug_str     0x000028f3       0x27 ./src/main.o
                                0x109 (size before relaxing)
 .debug_str     0x0000291a       0xb5 ./src/mpu.o
                                0x12a (size before relaxing)
 .debug_str     0x000029cf      0x20f ./src/peci.o
                                0x2eb (size before relaxing)
 .debug_str     0x00002bde      0x33b ./src/pwm.o
                                0x3ec (size before relaxing)
 .debug_str     0x00002f19      0x128 ./src/qei.o
                                0x1d2 (size before relaxing)
 .debug_str     0x00003041      0x169 ./src/ringbuf.o
                                0x200 (size before relaxing)
 .debug_str     0x000031aa      0x191 ./src/rit128x96x4.o
                                0x22f (size before relaxing)
 .debug_str     0x0000333b      0x18c ./src/scheduler.o
                                0x1f7 (size before relaxing)
 .debug_str     0x000034c7       0x2f ./src/sine.o
                                 0x9e (size before relaxing)
 .debug_str     0x000034f6      0x171 ./src/softi2c.o
                                0x20c (size before relaxing)
 .debug_str     0x00003667      0x291 ./src/softssi.o
                                0x38e (size before relaxing)
 .debug_str     0x000038f8      0x39c ./src/softuart.o
                                0x55f (size before relaxing)
 .debug_str     0x00003c94       0xf9 ./src/ssi.o
                                0x253 (size before relaxing)
 .debug_str     0x00003d8d       0x66 ./src/startup_gcc.o
                                 0xc5 (size before relaxing)
 .debug_str     0x00003df3      0x502 ./src/sysctl.o
                                0x5a9 (size before relaxing)
 .debug_str     0x000042f5       0x76 ./src/sysexc.o
                                 0xf8 (size before relaxing)
 .debug_str     0x0000436b       0xab ./src/systick.o
                                0x11a (size before relaxing)
 .debug_str     0x00004416      0x273 ./src/timer.o
                                0x351 (size before relaxing)
 .debug_str     0x00004689      0x22e ./src/uart.o
                                0x498 (size before relaxing)
 .debug_str     0x000048b7       0xfd ./src/uartstdio.o
                                0x1a2 (size before relaxing)
 .debug_str     0x000049b4      0x342 ./src/udma.o
                                0x3cf (size before relaxing)
 .debug_str     0x00004cf6      0x58e ./src/usb.o
                                0x69c (size before relaxing)
 .debug_str     0x00005284      0x1be ./src/ustdlib.o
                                0x320 (size before relaxing)
 .debug_str     0x00005442      0x162 ./src/watchdog.o
                                0x1e7 (size before relaxing)

.debug_frame    0x00000000     0x44d0
 .debug_frame   0x00000000      0x238 ./src/sv_utils/sound_visualizer.o
 .debug_frame   0x00000238      0x270 ./src/adc.o
 .debug_frame   0x000004a8      0x2d0 ./src/can.o
 .debug_frame   0x00000778       0x2c ./src/cmdline.o
 .debug_frame   0x000007a4       0xb4 ./src/comp.o
 .debug_frame   0x00000858       0x70 ./src/cpu.o
 .debug_frame   0x000008c8       0x48 ./src/cpu_usage.o
 .debug_frame   0x00000910       0x88 ./src/crc.o
 .debug_frame   0x00000998      0x1c0 ./src/eeprom.o
 .debug_frame   0x00000b58      0x1d4 ./src/epi.o
 .debug_frame   0x00000d2c      0x200 ./src/ethernet.o
 .debug_frame   0x00000f2c      0x120 ./src/fan.o
 .debug_frame   0x0000104c      0x15c ./src/flash.o
 .debug_frame   0x000011a8       0x68 ./src/flash_pb.o
 .debug_frame   0x00001210       0xa0 ./src/fpu.o
 .debug_frame   0x000012b0      0x2f8 ./src/gpio.o
 .debug_frame   0x000015a8      0x26c ./src/hibernate.o
 .debug_frame   0x00001814      0x298 ./src/i2c.o
 .debug_frame   0x00001aac      0x1c0 ./src/i2s.o
 .debug_frame   0x00001c6c      0x140 ./src/interrupt.o
 .debug_frame   0x00001dac       0x20 ./src/isqrt.o
 .debug_frame   0x00001dcc      0x2b4 ./src/lpc.o
 .debug_frame   0x00002080       0x28 ./src/main.o
 .debug_frame   0x000020a8       0xc0 ./src/mpu.o
 .debug_frame   0x00002168      0x1a4 ./src/peci.o
 .debug_frame   0x0000230c      0x260 ./src/pwm.o
 .debug_frame   0x0000256c      0x130 ./src/qei.o
 .debug_frame   0x0000269c      0x168 ./src/ringbuf.o
 .debug_frame   0x00002804      0x134 ./src/rit128x96x4.o
 .debug_frame   0x00002938       0xa8 ./src/scheduler.o
 .debug_frame   0x000029e0       0x20 ./src/sine.o
 .debug_frame   0x00002a00      0x118 ./src/softi2c.o
 .debug_frame   0x00002b18      0x1a4 ./src/softssi.o
 .debug_frame   0x00002cbc      0x230 ./src/softuart.o
 .debug_frame   0x00002eec      0x140 ./src/ssi.o
 .debug_frame   0x0000302c       0x60 ./src/startup_gcc.o
 .debug_frame   0x0000308c      0x378 ./src/sysctl.o
 .debug_frame   0x00003404       0x80 ./src/sysexc.o
 .debug_frame   0x00003484       0xa8 ./src/systick.o
 .debug_frame   0x0000352c      0x25c ./src/timer.o
 .debug_frame   0x00003788      0x318 ./src/uart.o
 .debug_frame   0x00003aa0       0xe0 ./src/uartstdio.o
 .debug_frame   0x00003b80      0x1d8 ./src/udma.o
 .debug_frame   0x00003d58      0x448 ./src/usb.o
 .debug_frame   0x000041a0      0x1c0 ./src/ustdlib.o
 .debug_frame   0x00004360      0x140 ./src/watchdog.o
 .debug_frame   0x000044a0       0x30 /opt/CodeSourcery/Sourcery_G++_Lite/arm-none-eabi/lib/thumb2/libc.a(lib_a-strcmp.o)
